REM  -------------------- Secondary structure summary -------------------  ~~~~
REM                                                                        ~~~~
CHN  adk_oplsaa.pdb -                                                      ~~~~
REM                                                                        ~~~~
REM                .         .         .         .         .               ~~~~
SEQ  1    MRIILLGAPGAGKGTQAQFIMEKYGIPQISTGDMLRAAVKSGSELGKQAK   50          ~~~~
STR        EEEEE TTTTTTTTHHHHHHHHH   EE HHHHHHHHHHH  HHHHHHH               ~~~~
REM                                                                        ~~~~
REM                .         .         .         .         .               ~~~~
SEQ  51   DIMDAGKLVTDELVIALVKERIAQEDCRNGFLLDGFPRTIPQADAMKEAG  100          ~~~~
STR       HHHHH     HHHHHHHHHHHH TTTTTTTEEEETTTT HHHHHHHHHH                ~~~~
REM                                                                        ~~~~
REM                .         .         .         .         .               ~~~~
SEQ  101  INVDYVLEFDVPDELIVDRIVGRRVHAPSGRVYHVKFNPPKVEGKDDVTG  150          ~~~~
STR           EEEEEE  HHHHHHHTTTEEBTTTT   EETTTBT  TTTBTTTTT               ~~~~
REM                                                                        ~~~~
REM                .         .         .         .         .               ~~~~
SEQ  151  EELTTRKDDQEETVRKRLVEYHQMTAPLIGYYSKEAEAGNTKYAKVDGTK  200          ~~~~
STR        B B  GGG HHHHHHHHHHHHHHHHHHHHHHHHHHHH    EEEEETTT               ~~~~
REM                                                                        ~~~~
REM                .                                                       ~~~~
SEQ  201  PVAEVRADLEKILG                                      214          ~~~~
STR        HHHHHHHHHHHH                                                    ~~~~
REM                                                                        ~~~~
REM                                                                        ~~~~
REM                                                                        ~~~~
LOC  AlphaHelix   GLN    16 -      TYR     24 -                            ~~~~
LOC  AlphaHelix   THR    31 -      SER     41 -                            ~~~~
LOC  AlphaHelix   GLU    44 -      ALA     55 -                            ~~~~
LOC  AlphaHelix   ASP    61 -      ILE     72 -                            ~~~~
LOC  AlphaHelix   ILE    90 -      ALA     99 -                            ~~~~
LOC  AlphaHelix   ASP   113 -      ARG    119 -                            ~~~~
LOC  AlphaHelix   GLU   161 -      ALA    188 -                            ~~~~
LOC  AlphaHelix   VAL   202 -      LEU    213 -                            ~~~~
LOC  310Helix     LYS   157 -      ASP    159 -                            ~~~~
LOC  Strand       ARG     2 -      LEU      6 -                            ~~~~
LOC  Strand       GLN    28 -      ILE     29 -                            ~~~~
LOC  Strand       PHE    81 -      ASP     84 -                            ~~~~
LOC  Strand       TYR   105 -      ASP    110 -                            ~~~~
LOC  Strand       ARG   123 -      ARG    124 -                            ~~~~
LOC  Strand       TYR   133 -      HIS    134 -                            ~~~~
LOC  Strand       TYR   193 -      ASP    197 -                            ~~~~
LOC  TurnII       ALA     8 -      ALA     11 -                            ~~~~
LOC  TurnI        GLY    12 -      THR     15 -                            ~~~~
LOC  TurnIV       LYS    13 -      GLN     16 -                            ~~~~
LOC  TurnI        GLN    74 -      CYS     77 -                            ~~~~
LOC  TurnI        GLU    75 -      ARG     78 -                            ~~~~
LOC  TurnI        CYS    77 -      GLY     80 -                            ~~~~
LOC  TurnII       LEU    83 -      PHE     86 -                            ~~~~
LOC  TurnIV       GLY    85 -      ARG     88 -                            ~~~~
LOC  TurnI        ARG   119 -      GLY    122 -                            ~~~~
LOC  TurnI        ILE   120 -      ARG    123 -                            ~~~~
LOC  TurnI        HIS   126 -      SER    129 -                            ~~~~
LOC  TurnI        HIS   134 -      PHE    137 -                            ~~~~
LOC  TurnIV       VAL   135 -      ASN    138 -                            ~~~~
LOC  TurnIV       LYS   136 -      PRO    139 -                            ~~~~
LOC  TurnII       VAL   142 -      LYS    145 -                            ~~~~
LOC  TurnIV       ASP   146 -      THR    149 -                            ~~~~
LOC  TurnIV       ASP   147 -      GLY    150 -                            ~~~~
LOC  TurnIV       ASP   197 -      LYS    200 -                            ~~~~
REM                                                                        ~~~~
REM  --------------- Detailed secondary structure assignment-------------  ~~~~
REM                                                                        ~~~~
REM  |---Residue---|    |--Structure--|   |-Phi-|   |-Psi-|  |-Area-|      ~~~~
ASG  MET -    1    1    C          Coil    360.00    121.91      48.1      ~~~~
ASG  ARG -    2    2    E        Strand   -124.70     94.79      60.7      ~~~~
ASG  ILE -    3    3    E        Strand    -95.96    131.38       0.9      ~~~~
ASG  ILE -    4    4    E        Strand    -89.87    139.84       0.0      ~~~~
ASG  LEU -    5    5    E        Strand   -132.99    112.18       5.6      ~~~~
ASG  LEU -    6    6    E        Strand   -119.91    167.63       6.7      ~~~~
ASG  GLY -    7    7    C          Coil    135.92    142.48       8.7      ~~~~
ASG  ALA -    8    8    T          Turn    -65.80    163.71      12.8      ~~~~
ASG  PRO -    9    9    T          Turn    -74.27     95.90      57.7      ~~~~
ASG  GLY -   10   10    T          Turn    117.84     -4.49      36.7      ~~~~
ASG  ALA -   11   11    T          Turn    -70.66    -37.26       2.0      ~~~~
ASG  GLY -   12   12    T          Turn    104.99     31.83      36.1      ~~~~
ASG  LYS -   13   13    T          Turn    -65.98     -9.01      39.1      ~~~~
ASG  GLY -   14   14    T          Turn   -100.47     16.68      45.7      ~~~~
ASG  THR -   15   15    T          Turn    -58.69    -21.67      79.9      ~~~~
ASG  GLN -   16   16    H    AlphaHelix   -115.68      8.37       9.4      ~~~~
ASG  ALA -   17   17    H    AlphaHelix    -66.01    -42.50       3.8      ~~~~
ASG  GLN -   18   18    H    AlphaHelix    -73.79    -35.87     158.1      ~~~~
ASG  PHE -   19   19    H    AlphaHelix    -54.95    -55.83      24.8      ~~~~
ASG  ILE -   20   20    H    AlphaHelix    -57.29    -47.88       0.2      ~~~~
ASG  MET -   21   21    H    AlphaHelix    -61.96    -35.61      66.0      ~~~~
ASG  GLU -   22   22    H    AlphaHelix    -78.09    -42.71     174.6      ~~~~
ASG  LYS -   23   23    H    AlphaHelix    -72.95    -29.37     102.4      ~~~~
ASG  TYR -   24   24    H    AlphaHelix   -118.04    -18.65      35.5      ~~~~
ASG  GLY -   25   25    C          Coil     88.62     38.16      40.3      ~~~~
ASG  ILE -   26   26    C          Coil   -128.67    156.39       9.7      ~~~~
ASG  PRO -   27   27    C          Coil    -77.54    155.45      20.1      ~~~~
ASG  GLN -   28   28    E        Strand    -94.49    126.25      76.0      ~~~~
ASG  ILE -   29   29    E        Strand   -110.74    145.46       6.7      ~~~~
ASG  SER -   30   30    C          Coil   -148.24    148.74      21.3      ~~~~
ASG  THR -   31   31    H    AlphaHelix    -47.17    -60.31      27.9      ~~~~
ASG  GLY -   32   32    H    AlphaHelix    -61.21    -30.63      18.8      ~~~~
ASG  ASP -   33   33    H    AlphaHelix    -67.11    -47.76      94.6      ~~~~
ASG  MET -   34   34    H    AlphaHelix    -63.79    -61.38       8.4      ~~~~
ASG  LEU -   35   35    H    AlphaHelix    -45.92    -61.19      20.2      ~~~~
ASG  ARG -   36   36    H    AlphaHelix    -42.15    -49.05     149.8      ~~~~
ASG  ALA -   37   37    H    AlphaHelix    -54.36    -50.05      28.6      ~~~~
ASG  ALA -   38   38    H    AlphaHelix    -61.65    -41.29       2.8      ~~~~
ASG  VAL -   39   39    H    AlphaHelix    -63.89    -31.08      41.9      ~~~~
ASG  LYS -   40   40    H    AlphaHelix    -78.04    -52.76     168.1      ~~~~
ASG  SER -   41   41    H    AlphaHelix    -54.75    -36.47      81.6      ~~~~
ASG  GLY -   42   42    C          Coil     85.38     10.62      41.0      ~~~~
ASG  SER -   43   43    C          Coil    -84.26    158.64      37.4      ~~~~
ASG  GLU -   44   44    H    AlphaHelix    -47.21    -57.90     259.7      ~~~~
ASG  LEU -   45   45    H    AlphaHelix    -73.60    -11.53      46.7      ~~~~
ASG  GLY -   46   46    H    AlphaHelix   -104.62    -19.40       0.0      ~~~~
ASG  LYS -   47   47    H    AlphaHelix    -79.09    -42.52     111.6      ~~~~
ASG  GLN -   48   48    H    AlphaHelix    -53.85    -44.07      88.0      ~~~~
ASG  ALA -   49   49    H    AlphaHelix    -73.02    -40.96       0.0      ~~~~
ASG  LYS -   50   50    H    AlphaHelix    -46.59    -54.20      76.0      ~~~~
ASG  ASP -   51   51    H    AlphaHelix    -57.95    -42.53     114.7      ~~~~
ASG  ILE -   52   52    H    AlphaHelix    -54.30    -60.76      27.4      ~~~~
ASG  MET -   53   53    H    AlphaHelix    -62.72    -38.91      79.1      ~~~~
ASG  ASP -   54   54    H    AlphaHelix    -75.49    -40.42     108.7      ~~~~
ASG  ALA -   55   55    H    AlphaHelix    -67.40    -32.45      71.7      ~~~~
ASG  GLY -   56   56    C          Coil     98.19     37.69      66.1      ~~~~
ASG  LYS -   57   57    C          Coil   -110.88    155.96     142.3      ~~~~
ASG  LEU -   58   58    C          Coil    -86.05    129.80     165.5      ~~~~
ASG  VAL -   59   59    C          Coil    -59.18    122.00      25.1      ~~~~
ASG  THR -   60   60    C          Coil    -65.78    149.43      85.6      ~~~~
ASG  ASP -   61   61    H    AlphaHelix    -71.10    -31.93      59.8      ~~~~
ASG  GLU -   62   62    H    AlphaHelix    -56.49    -35.56     142.6      ~~~~
ASG  LEU -   63   63    H    AlphaHelix    -79.44    -24.36      11.6      ~~~~
ASG  VAL -   64   64    H    AlphaHelix    -78.19    -35.05       7.0      ~~~~
ASG  ILE -   65   65    H    AlphaHelix    -74.10    -47.00      16.8      ~~~~
ASG  ALA -   66   66    H    AlphaHelix    -53.81    -33.33      25.8      ~~~~
ASG  LEU -   67   67    H    AlphaHelix    -84.57    -40.67       1.0      ~~~~
ASG  VAL -   68   68    H    AlphaHelix    -44.02    -51.75       2.0      ~~~~
ASG  LYS -   69   69    H    AlphaHelix    -56.80    -40.28     113.9      ~~~~
ASG  GLU -   70   70    H    AlphaHelix    -69.38    -51.21      68.8      ~~~~
ASG  ARG -   71   71    H    AlphaHelix    -58.16    -47.72      43.3      ~~~~
ASG  ILE -   72   72    H    AlphaHelix    -72.79    -14.56      24.7      ~~~~
ASG  ALA -   73   73    C          Coil    -89.38      3.96      76.4      ~~~~
ASG  GLN -   74   74    T          Turn    -88.17    153.76      82.8      ~~~~
ASG  GLU -   75   75    T          Turn    -48.48    -30.36     145.3      ~~~~
ASG  ASP -   76   76    T          Turn    -74.18    -16.99      71.0      ~~~~
ASG  CYS -   77   77    T          Turn    -89.47     20.07       4.8      ~~~~
ASG  ARG -   78   78    T          Turn    -83.55    -16.05     197.1      ~~~~
ASG  ASN -   79   79    T          Turn    -95.68     13.54     102.5      ~~~~
ASG  GLY -   80   80    T          Turn    104.36   -165.59       5.1      ~~~~
ASG  PHE -   81   81    E        Strand   -150.12    152.29       1.0      ~~~~
ASG  LEU -   82   82    E        Strand    -97.61    118.04       0.0      ~~~~
ASG  LEU -   83   83    E        Strand    -98.06    102.85       3.0      ~~~~
ASG  ASP -   84   84    E        Strand    -86.60    109.62      36.7      ~~~~
ASG  GLY -   85   85    T          Turn     92.57      3.14      24.3      ~~~~
ASG  PHE -   86   86    T          Turn   -129.30    131.60       3.2      ~~~~
ASG  PRO -   87   87    T          Turn    -81.91    170.72       0.9      ~~~~
ASG  ARG -   88   88    T          Turn   -119.08    -12.33     105.2      ~~~~
ASG  THR -   89   89    C          Coil   -152.41    153.92      32.7      ~~~~
ASG  ILE -   90   90    H    AlphaHelix    -34.13    -58.43      60.0      ~~~~
ASG  PRO -   91   91    H    AlphaHelix    -54.48    -35.33      86.1      ~~~~
ASG  GLN -   92   92    H    AlphaHelix    -77.70    -37.46       6.0      ~~~~
ASG  ALA -   93   93    H    AlphaHelix    -71.78    -37.73       1.7      ~~~~
ASG  ASP -   94   94    H    AlphaHelix    -73.50    -35.30      73.8      ~~~~
ASG  ALA -   95   95    H    AlphaHelix    -77.85    -38.91      34.5      ~~~~
ASG  MET -   96   96    H    AlphaHelix    -55.00    -45.21       1.8      ~~~~
ASG  LYS -   97   97    H    AlphaHelix    -64.79    -36.81      97.5      ~~~~
ASG  GLU -   98   98    H    AlphaHelix    -72.00    -20.73     162.6      ~~~~
ASG  ALA -   99   99    H    AlphaHelix    -84.78    -31.64      45.3      ~~~~
ASG  GLY -  100  100    C          Coil    112.95     15.69      49.6      ~~~~
ASG  ILE -  101  101    C          Coil    -84.84     87.13      10.5      ~~~~
ASG  ASN -  102  102    C          Coil    -72.31    147.51     100.6      ~~~~
ASG  VAL -  103  103    C          Coil   -146.19    147.82      13.2      ~~~~
ASG  ASP -  104  104    C          Coil   -102.18    -35.10      54.4      ~~~~
ASG  TYR -  105  105    E        Strand   -138.09    144.70      29.1      ~~~~
ASG  VAL -  106  106    E        Strand   -123.71     99.15       0.0      ~~~~
ASG  LEU -  107  107    E        Strand    -90.21    126.79       1.8      ~~~~
ASG  GLU -  108  108    E        Strand   -106.60    117.95      18.4      ~~~~
ASG  PHE -  109  109    E        Strand    -88.44    107.95      10.4      ~~~~
ASG  ASP -  110  110    E        Strand    -94.60    122.79      61.5      ~~~~
ASG  VAL -  111  111    C          Coil   -128.53    139.77       4.0      ~~~~
ASG  PRO -  112  112    C          Coil    -62.81    160.31      57.8      ~~~~
ASG  ASP -  113  113    H    AlphaHelix    -68.39    -40.33      63.9      ~~~~
ASG  GLU -  114  114    H    AlphaHelix    -55.56    -46.07     109.8      ~~~~
ASG  LEU -  115  115    H    AlphaHelix    -71.14    -31.58      71.8      ~~~~
ASG  ILE -  116  116    H    AlphaHelix    -62.72    -49.65       0.4      ~~~~
ASG  VAL -  117  117    H    AlphaHelix    -42.83    -67.86       3.6      ~~~~
ASG  ASP -  118  118    H    AlphaHelix    -56.33    -21.44      73.2      ~~~~
ASG  ARG -  119  119    H    AlphaHelix    -89.18    -20.56     103.3      ~~~~
ASG  ILE -  120  120    T          Turn   -103.18    -58.28      22.4      ~~~~
ASG  VAL -  121  121    T          Turn    -62.79     -4.13      29.2      ~~~~
ASG  GLY -  122  122    T          Turn   -111.54     19.17      10.0      ~~~~
ASG  ARG -  123  123    E        Strand   -112.49    153.89      58.2      ~~~~
ASG  ARG -  124  124    E        Strand   -130.33    360.00     277.6      ~~~~
ASG  VAL -  125  125    B        Bridge    360.00    147.28      92.2      ~~~~
ASG  HIS -  126  126    T          Turn    -96.17     84.13      10.0      ~~~~
ASG  ALA -  127  127    T          Turn    -31.96    -51.97      75.2      ~~~~
ASG  PRO -  128  128    T          Turn    -81.65     27.80      96.1      ~~~~
ASG  SER -  129  129    T          Turn   -144.52    360.00      79.9      ~~~~
ASG  GLY -  130  130    C          Coil    360.00    -10.07     120.0      ~~~~
ASG  ARG -  131  131    C          Coil    -45.51    135.35     209.4      ~~~~
ASG  VAL -  132  132    C          Coil   -132.18    115.58      68.5      ~~~~
ASG  TYR -  133  133    E        Strand   -113.72    142.30     129.8      ~~~~
ASG  HIS -  134  134    E        Strand   -118.49    121.52       7.8      ~~~~
ASG  VAL -  135  135    T          Turn    -40.56    -33.28      93.7      ~~~~
ASG  LYS -  136  136    T          Turn   -107.97    -40.13     119.2      ~~~~
ASG  PHE -  137  137    T          Turn   -108.49    -34.01     130.7      ~~~~
ASG  ASN -  138  138    B        Bridge   -144.43     64.80      89.0      ~~~~
ASG  PRO -  139  139    T          Turn    -80.33    159.80      80.8      ~~~~
ASG  PRO -  140  140    C          Coil     18.46   -179.70     142.9      ~~~~
ASG  LYS -  141  141    C          Coil    -68.96    -47.83     176.6      ~~~~
ASG  VAL -  142  142    T          Turn   -106.57    124.49      89.8      ~~~~
ASG  GLU -  143  143    T          Turn    -48.81     96.47     178.0      ~~~~
ASG  GLY -  144  144    T          Turn    108.43     -9.18      23.8      ~~~~
ASG  LYS -  145  145    B        Bridge   -101.16    159.26      73.5      ~~~~
ASG  ASP -  146  146    T          Turn    -79.93    144.54       1.8      ~~~~
ASG  ASP -  147  147    T          Turn    -67.59    -24.61      72.3      ~~~~
ASG  VAL -  148  148    T          Turn    -91.24    -59.37     105.5      ~~~~
ASG  THR -  149  149    T          Turn    -76.59    -54.46      80.4      ~~~~
ASG  GLY -  150  150    T          Turn    103.87      6.66      46.9      ~~~~
ASG  GLU -  151  151    C          Coil    -82.17    151.77     108.9      ~~~~
ASG  GLU -  152  152    B        Bridge    -59.30    138.79     112.5      ~~~~
ASG  LEU -  153  153    C          Coil    -89.79    147.74      17.7      ~~~~
ASG  THR -  154  154    B        Bridge   -131.76    164.61      74.0      ~~~~
ASG  THR -  155  155    C          Coil    -80.73    157.25     105.1      ~~~~
ASG  ARG -  156  156    C          Coil      6.58    360.00     215.4      ~~~~
ASG  LYS -  157  157    G      310Helix    360.00     26.23     257.1      ~~~~
ASG  ASP -  158  158    G      310Helix    -63.73    -19.84      80.1      ~~~~
ASG  ASP -  159  159    G      310Helix    -94.73      5.89      23.8      ~~~~
ASG  GLN -  160  160    C          Coil    -73.81    133.20     221.1      ~~~~
ASG  GLU -  161  161    H    AlphaHelix    -60.78    -33.43     102.9      ~~~~
ASG  GLU -  162  162    H    AlphaHelix    -45.70    -61.20     120.6      ~~~~
ASG  THR -  163  163    H    AlphaHelix    -65.62    -46.35      26.5      ~~~~
ASG  VAL -  164  164    H    AlphaHelix    -70.80    -37.94       2.3      ~~~~
ASG  ARG -  165  165    H    AlphaHelix    -71.13    -25.71     100.4      ~~~~
ASG  LYS -  166  166    H    AlphaHelix    -76.12    -26.87     117.4      ~~~~
ASG  ARG -  167  167    H    AlphaHelix    -83.33    -34.05      77.9      ~~~~
ASG  LEU -  168  168    H    AlphaHelix    -65.02    -46.41       3.6      ~~~~
ASG  VAL -  169  169    H    AlphaHelix    -71.71    -37.13      74.8      ~~~~
ASG  GLU -  170  170    H    AlphaHelix    -65.57    -34.51     111.0      ~~~~
ASG  TYR -  171  171    H    AlphaHelix    -66.05    -62.21      41.2      ~~~~
ASG  HIS -  172  172    H    AlphaHelix    -57.30    -54.04      59.1      ~~~~
ASG  GLN -  173  173    H    AlphaHelix    -44.37    -35.65     129.4      ~~~~
ASG  MET -  174  174    H    AlphaHelix    -89.43    -36.30      66.8      ~~~~
ASG  THR -  175  175    H    AlphaHelix    -87.27    -26.54       5.8      ~~~~
ASG  ALA -  176  176    H    AlphaHelix    -52.92    -46.10      61.2      ~~~~
ASG  PRO -  177  177    H    AlphaHelix    -62.96    -27.27      65.0      ~~~~
ASG  LEU -  178  178    H    AlphaHelix    -72.43    -34.13       0.4      ~~~~
ASG  ILE -  179  179    H    AlphaHelix    -68.31    -32.92      21.0      ~~~~
ASG  GLY -  180  180    H    AlphaHelix    -71.96    -37.34      33.7      ~~~~
ASG  TYR -  181  181    H    AlphaHelix    -55.83    -58.02      32.6      ~~~~
ASG  TYR -  182  182    H    AlphaHelix    -68.61    -15.02       9.6      ~~~~
ASG  SER -  183  183    H    AlphaHelix    -72.02    -42.02      32.8      ~~~~
ASG  LYS -  184  184    H    AlphaHelix    -59.01    -41.11     159.1      ~~~~
ASG  GLU -  185  185    H    AlphaHelix    -76.50    -38.00      25.5      ~~~~
ASG  ALA -  186  186    H    AlphaHelix    -63.60    -38.95      27.8      ~~~~
ASG  GLU -  187  187    H    AlphaHelix    -72.57    -29.44     172.4      ~~~~
ASG  ALA -  188  188    H    AlphaHelix    -63.00    -48.72      69.7      ~~~~
ASG  GLY -  189  189    C          Coil    118.24     -5.12      53.4      ~~~~
ASG  ASN -  190  190    C          Coil    -65.48    -28.03      93.2      ~~~~
ASG  THR -  191  191    C          Coil   -139.60   -168.38       6.6      ~~~~
ASG  LYS -  192  192    C          Coil   -127.40    144.12      95.3      ~~~~
ASG  TYR -  193  193    E        Strand   -113.88    144.38      59.9      ~~~~
ASG  ALA -  194  194    E        Strand   -143.40    138.92      12.7      ~~~~
ASG  LYS -  195  195    E        Strand    -90.55    118.48     108.4      ~~~~
ASG  VAL -  196  196    E        Strand   -106.26    124.71       7.2      ~~~~
ASG  ASP -  197  197    E        Strand    -75.90    118.75      65.3      ~~~~
ASG  GLY -  198  198    T          Turn   -122.20     33.61       6.9      ~~~~
ASG  THR -  199  199    T          Turn    -89.27    -21.96      60.0      ~~~~
ASG  LYS -  200  200    T          Turn    -41.16    145.61      65.3      ~~~~
ASG  PRO -  201  201    C          Coil    -71.05    136.98      85.2      ~~~~
ASG  VAL -  202  202    H    AlphaHelix    -37.92    -34.90      86.4      ~~~~
ASG  ALA -  203  203    H    AlphaHelix    -74.52    -44.56      81.5      ~~~~
ASG  GLU -  204  204    H    AlphaHelix    -68.74    -34.23     109.1      ~~~~
ASG  VAL -  205  205    H    AlphaHelix    -59.58    -43.07       2.0      ~~~~
ASG  ARG -  206  206    H    AlphaHelix    -63.64    -39.90     114.2      ~~~~
ASG  ALA -  207  207    H    AlphaHelix    -72.17    -36.12      34.4      ~~~~
ASG  ASP -  208  208    H    AlphaHelix    -62.80    -34.84      35.7      ~~~~
ASG  LEU -  209  209    H    AlphaHelix    -66.86    -49.93       4.2      ~~~~
ASG  GLU -  210  210    H    AlphaHelix    -62.61    -26.66      68.7      ~~~~
ASG  LYS -  211  211    H    AlphaHelix    -82.08    -11.10     169.5      ~~~~
ASG  ILE -  212  212    H    AlphaHelix   -102.64    -38.46      56.1      ~~~~
ASG  LEU -  213  213    H    AlphaHelix    -90.16    -56.02       8.1      ~~~~
ASG  GLY -  214  214    C          Coil    113.44    360.00      96.4      ~~~~
